// Jest Snapshot v1, https://goo.gl/fbAQLP

exports[`<Auth /> should match with snapshot  1`] = `
<div>
  <div
    class="sc-iCoGMd becHcS"
  >
    <div
      class="sc-fujyAs bPPkGT"
    >
      <form
        class="sc-pNWdM gyaqlL"
      >
        <div
          class="sc-dlnjwi jEqKCX"
        >
          <span>
            examina
          </span>
          <span>
            bem
          </span>
        </div>
        <div
          class="sc-jrsJWt gYdAtG"
        >
          <div
            class="sc-hKFxyN kNAsuG"
          >
            <label
              class="sc-gKAaRy cnjCFo"
            >
              E-mail:
            </label>
            <div
              class="sc-eCApnc jFFUJS"
            >
              <input
                aria-label="email"
                class="sc-jSFjdj gWBhyj"
                required=""
                type="email"
                value=""
              />
            </div>
          </div>
          <div
            class="sc-hKFxyN kNAsuG"
          >
            <label
              class="sc-gKAaRy cnjCFo"
            >
              Senha:
            </label>
            <div
              class="sc-eCApnc jFFUJS"
            >
              <input
                aria-label="password"
                class="sc-jSFjdj gWBhyj"
                required=""
                type="password"
                value=""
              />
            </div>
          </div>
        </div>
        <span
          class="sc-kEqXSa ktkCOb"
        >
          <span />
        </span>
        <div
          class="sc-iqAclL fYHCGr"
        >
          <div
            class="sc-gtsrHT hlpuIv"
            color="default"
          >
            <a
              href="/forgot-password"
            >
              Esqueci a Senha
            </a>
          </div>
          <button
            class="sc-bdnxRM fSWHnF"
            color="darker"
          >
            <span>
              LOGIN
            </span>
          </button>
        </div>
      </form>
      <span
        class="sc-crzoAE gnnPHJ"
      >
        examinaBem Â© 2022 Todos os direitos reservados.
      </span>
    </div>
    <div
      class="sc-bqGGPW gydpLF"
    >
      <svg
        fill="none"
        viewBox="0 0 508 212"
        xmlns="http://www.w3.org/2000/svg"
      >
        <path
          d="M0 .7c5.5 1.4 11 3 16.5 4.8 69.8 22.6 125.7 68.3 161.8 126 31.3 50 92.3 73.4 149 57 42.6-12.3 89.2-12.4 134.6 2.2 16.3 5.3 31.7 12.2 45.9 20.6H0V.7z"
          fill="url(#paint0_linear)"
        />
        <defs>
          <lineargradient
            gradientUnits="userSpaceOnUse"
            id="paint0_linear"
            x1="-313.427"
            x2="663.545"
            y1="21.111"
            y2="285.901"
          >
            <stop
              offset=".44"
              stop-color="#8F8AFF"
            />
            <stop
              offset=".993"
              stop-color="#413AD1"
            />
          </lineargradient>
        </defs>
      </svg>
    </div>
    <div
      class="sc-ksluID eRQScO"
    >
      <svg
        fill="none"
        viewBox="0 0 509 212"
        xmlns="http://www.w3.org/2000/svg"
      >
        <path
          d="M508.1.7c-5.5 1.4-11 3-16.5 4.8-69.8 22.6-125.7 68.3-161.8 126-31.3 50-92.3 73.4-149 57-42.6-12.3-89.2-12.4-134.6 2.2C29.9 196 14.5 202.9.3 211.3h507.8V.7z"
          fill="url(#paint0_linear)"
        />
        <defs>
          <lineargradient
            gradientUnits="userSpaceOnUse"
            id="paint0_linear"
            x1="821.511"
            x2="-155.461"
            y1="21.111"
            y2="285.901"
          >
            <stop
              offset=".44"
              stop-color="#8F8AFF"
            />
            <stop
              offset=".993"
              stop-color="#413AD1"
            />
          </lineargradient>
        </defs>
      </svg>
    </div>
  </div>
</div>
`;
